// Jest Snapshot v1, https://goo.gl/fbAQLP

exports[`component: App should render initial layout 1`] = `
Array [
  <div>
    <p>
      yo
    </p>
  </div>,
]
`;
